interactions:
- request:
    body: '<?xml version=''1.0'' encoding=''utf-8''?>

      <BlockList />'
    headers:
      Connection: [keep-alive]
      Content-Length: ['52']
      User-Agent: [Azure-Storage/0.33.1 (Python CPython 3.4.4rc1; Windows 10)]
      x-ms-client-request-id: [f1ad4c78-5f27-11e6-bac0-0050b66b38e2]
      x-ms-date: ['Wed, 10 Aug 2016 18:26:24 GMT']
      x-ms-version: ['2015-07-08']
    method: PUT
    uri: https://storagename.blob.core.windows.net/utcontainerbdb10c39/blobbdb10c39?comp=blocklist
  response:
    body: {string: ''}
    headers:
      Content-MD5: [NgbQHgw94OQ3P8fSkY5Pxg==]
      Date: ['Wed, 10 Aug 2016 18:26:22 GMT']
      ETag: ['"0x8D3C14BD4EC8EB1"']
      Last-Modified: ['Wed, 10 Aug 2016 18:26:22 GMT']
      Server: [Windows-Azure-Blob/1.0 Microsoft-HTTPAPI/2.0]
      Transfer-Encoding: [chunked]
      x-ms-request-id: [14309595-0001-000a-6834-f3e683000000]
      x-ms-version: ['2015-07-08']
    status: {code: 201, message: Created}
- request:
    body: block 0
    headers:
      Connection: [keep-alive]
      Content-Length: ['7']
      User-Agent: [Azure-Storage/0.33.1 (Python CPython 3.4.4rc1; Windows 10)]
      x-ms-client-request-id: [f1c2c1c0-5f27-11e6-b572-0050b66b38e2]
      x-ms-date: ['Wed, 10 Aug 2016 18:26:24 GMT']
      x-ms-version: ['2015-07-08']
    method: PUT
    uri: https://storagename.blob.core.windows.net/utcontainerbdb10c39/blobbdb10c39?comp=block&blockid=MA%3D%3D
  response:
    body: {string: ''}
    headers:
      Content-MD5: [TjjhPkKeLS6Els52i6m9Bg==]
      Date: ['Wed, 10 Aug 2016 18:26:22 GMT']
      Server: [Windows-Azure-Blob/1.0 Microsoft-HTTPAPI/2.0]
      Transfer-Encoding: [chunked]
      x-ms-request-id: [143095b8-0001-000a-0734-f3e683000000]
      x-ms-version: ['2015-07-08']
    status: {code: 201, message: Created}
- request:
    body: block 1
    headers:
      Connection: [keep-alive]
      Content-Length: ['7']
      User-Agent: [Azure-Storage/0.33.1 (Python CPython 3.4.4rc1; Windows 10)]
      x-ms-client-request-id: [f1c9e9be-5f27-11e6-9f51-0050b66b38e2]
      x-ms-date: ['Wed, 10 Aug 2016 18:26:24 GMT']
      x-ms-version: ['2015-07-08']
    method: PUT
    uri: https://storagename.blob.core.windows.net/utcontainerbdb10c39/blobbdb10c39?comp=block&blockid=MQ%3D%3D
  response:
    body: {string: ''}
    headers:
      Content-MD5: [ZOnmAD+J5F2p66g8NFSefA==]
      Date: ['Wed, 10 Aug 2016 18:26:22 GMT']
      Server: [Windows-Azure-Blob/1.0 Microsoft-HTTPAPI/2.0]
      Transfer-Encoding: [chunked]
      x-ms-request-id: [143095d9-0001-000a-2534-f3e683000000]
      x-ms-version: ['2015-07-08']
    status: {code: 201, message: Created}
- request:
    body: block 2
    headers:
      Connection: [keep-alive]
      Content-Length: ['7']
      User-Agent: [Azure-Storage/0.33.1 (Python CPython 3.4.4rc1; Windows 10)]
      x-ms-client-request-id: [f1d3724a-5f27-11e6-91ca-0050b66b38e2]
      x-ms-date: ['Wed, 10 Aug 2016 18:26:24 GMT']
      x-ms-version: ['2015-07-08']
    method: PUT
    uri: https://storagename.blob.core.windows.net/utcontainerbdb10c39/blobbdb10c39?comp=block&blockid=Mg%3D%3D
  response:
    body: {string: ''}
    headers:
      Content-MD5: [giBgEwOK96+T6eqweyrlNg==]
      Date: ['Wed, 10 Aug 2016 18:26:22 GMT']
      Server: [Windows-Azure-Blob/1.0 Microsoft-HTTPAPI/2.0]
      Transfer-Encoding: [chunked]
      x-ms-request-id: [143095f5-0001-000a-3e34-f3e683000000]
      x-ms-version: ['2015-07-08']
    status: {code: 201, message: Created}
- request:
    body: block 3
    headers:
      Connection: [keep-alive]
      Content-Length: ['7']
      User-Agent: [Azure-Storage/0.33.1 (Python CPython 3.4.4rc1; Windows 10)]
      x-ms-client-request-id: [f1d8381e-5f27-11e6-a239-0050b66b38e2]
      x-ms-date: ['Wed, 10 Aug 2016 18:26:24 GMT']
      x-ms-version: ['2015-07-08']
    method: PUT
    uri: https://storagename.blob.core.windows.net/utcontainerbdb10c39/blobbdb10c39?comp=block&blockid=Mw%3D%3D
  response:
    body: {string: ''}
    headers:
      Content-MD5: [FDhv5/Vy34Z9KKvEnjH2lQ==]
      Date: ['Wed, 10 Aug 2016 18:26:22 GMT']
      Server: [Windows-Azure-Blob/1.0 Microsoft-HTTPAPI/2.0]
      Transfer-Encoding: [chunked]
      x-ms-request-id: [1430961a-0001-000a-5e34-f3e683000000]
      x-ms-version: ['2015-07-08']
    status: {code: 201, message: Created}
- request:
    body: block 4
    headers:
      Connection: [keep-alive]
      Content-Length: ['7']
      User-Agent: [Azure-Storage/0.33.1 (Python CPython 3.4.4rc1; Windows 10)]
      x-ms-client-request-id: [f1e1c082-5f27-11e6-8523-0050b66b38e2]
      x-ms-date: ['Wed, 10 Aug 2016 18:26:24 GMT']
      x-ms-version: ['2015-07-08']
    method: PUT
    uri: https://storagename.blob.core.windows.net/utcontainerbdb10c39/blobbdb10c39?comp=block&blockid=NA%3D%3D
  response:
    body: {string: ''}
    headers:
      Content-MD5: [jkC3Z8KTocewrRQF+tkxeA==]
      Date: ['Wed, 10 Aug 2016 18:26:22 GMT']
      Server: [Windows-Azure-Blob/1.0 Microsoft-HTTPAPI/2.0]
      Transfer-Encoding: [chunked]
      x-ms-request-id: [14309638-0001-000a-7834-f3e683000000]
      x-ms-version: ['2015-07-08']
    status: {code: 201, message: Created}
version: 1
