interactions:
- request:
    body: AAA
    headers:
      Connection: [keep-alive]
      Content-Length: ['3']
      User-Agent: [Azure-Storage/0.33.1 (Python CPython 3.4.4rc1; Windows 10)]
      x-ms-client-request-id: [f6e93a12-5f27-11e6-a81c-0050b66b38e2]
      x-ms-date: ['Wed, 10 Aug 2016 18:26:33 GMT']
      x-ms-version: ['2015-07-08']
    method: PUT
    uri: https://storagename.blob.core.windows.net/utcontainer5d301620/blob5d301620?comp=block&blockid=MQ%3D%3D
  response:
    body: {string: ''}
    headers:
      Content-MD5: [4fr/s+YU5sL7p0KWliOGtw==]
      Date: ['Wed, 10 Aug 2016 18:26:30 GMT']
      Server: [Windows-Azure-Blob/1.0 Microsoft-HTTPAPI/2.0]
      Transfer-Encoding: [chunked]
      x-ms-request-id: [65bb3503-0001-0007-1534-f3098f000000]
      x-ms-version: ['2015-07-08']
    status: {code: 201, message: Created}
- request:
    body: BBB
    headers:
      Connection: [keep-alive]
      Content-Length: ['3']
      User-Agent: [Azure-Storage/0.33.1 (Python CPython 3.4.4rc1; Windows 10)]
      x-ms-client-request-id: [f6fc4cf6-5f27-11e6-8e7e-0050b66b38e2]
      x-ms-date: ['Wed, 10 Aug 2016 18:26:33 GMT']
      x-ms-version: ['2015-07-08']
    method: PUT
    uri: https://storagename.blob.core.windows.net/utcontainer5d301620/blob5d301620?comp=block&blockid=Mg%3D%3D
  response:
    body: {string: ''}
    headers:
      Content-MD5: [K7Il8LqaWJMHV6ho7VfZow==]
      Date: ['Wed, 10 Aug 2016 18:26:30 GMT']
      Server: [Windows-Azure-Blob/1.0 Microsoft-HTTPAPI/2.0]
      Transfer-Encoding: [chunked]
      x-ms-request-id: [65bb3513-0001-0007-2134-f3098f000000]
      x-ms-version: ['2015-07-08']
    status: {code: 201, message: Created}
- request:
    body: CCC
    headers:
      Connection: [keep-alive]
      Content-Length: ['3']
      User-Agent: [Azure-Storage/0.33.1 (Python CPython 3.4.4rc1; Windows 10)]
      x-ms-client-request-id: [f70111e6-5f27-11e6-8530-0050b66b38e2]
      x-ms-date: ['Wed, 10 Aug 2016 18:26:33 GMT']
      x-ms-version: ['2015-07-08']
    method: PUT
    uri: https://storagename.blob.core.windows.net/utcontainer5d301620/blob5d301620?comp=block&blockid=Mw%3D%3D
  response:
    body: {string: ''}
    headers:
      Content-MD5: [3vuZ5pqfH24G8VAGsfFmrg==]
      Date: ['Wed, 10 Aug 2016 18:26:30 GMT']
      Server: [Windows-Azure-Blob/1.0 Microsoft-HTTPAPI/2.0]
      Transfer-Encoding: [chunked]
      x-ms-request-id: [65bb3518-0001-0007-2634-f3098f000000]
      x-ms-version: ['2015-07-08']
    status: {code: 201, message: Created}
- request:
    body: null
    headers:
      Connection: [keep-alive]
      User-Agent: [Azure-Storage/0.33.1 (Python CPython 3.4.4rc1; Windows 10)]
      x-ms-client-request-id: [f705d666-5f27-11e6-96b4-0050b66b38e2]
      x-ms-date: ['Wed, 10 Aug 2016 18:26:33 GMT']
      x-ms-version: ['2015-07-08']
    method: GET
    uri: https://storagename.blob.core.windows.net/utcontainer5d301620/blob5d301620?comp=blocklist&blocklisttype=all
  response:
    body: {string: "\uFEFF<?xml version=\"1.0\" encoding=\"utf-8\"?><BlockList><CommittedBlocks\
        \ /><UncommittedBlocks><Block><Name>MQ==</Name><Size>3</Size></Block><Block><Name>Mg==</Name><Size>3</Size></Block><Block><Name>Mw==</Name><Size>3</Size></Block></UncommittedBlocks></BlockList>"}
    headers:
      Content-Type: [application/xml]
      Date: ['Wed, 10 Aug 2016 18:26:31 GMT']
      Server: [Windows-Azure-Blob/1.0 Microsoft-HTTPAPI/2.0]
      Transfer-Encoding: [chunked]
      x-ms-request-id: [65bb3523-0001-0007-3034-f3098f000000]
      x-ms-version: ['2015-07-08']
    status: {code: 200, message: OK}
version: 1
