interactions:
- request:
    body: null
    headers:
      Connection: [keep-alive]
      Content-Length: ['0']
      User-Agent: [Azure-Storage/0.33.1 (Python CPython 3.4.4rc1; Windows 10)]
      x-ms-client-request-id: [cf2bc094-5f27-11e6-a278-0050b66b38e2]
      x-ms-date: ['Wed, 10 Aug 2016 18:25:26 GMT']
      x-ms-version: ['2015-07-08']
    method: PUT
    uri: https://storagename.blob.core.windows.net/utcontainer1d97194a?restype=container
  response:
    body: {string: ''}
    headers:
      Date: ['Wed, 10 Aug 2016 18:25:24 GMT']
      ETag: ['"0x8D3C14BB28F22CD"']
      Last-Modified: ['Wed, 10 Aug 2016 18:25:25 GMT']
      Server: [Windows-Azure-Blob/1.0 Microsoft-HTTPAPI/2.0]
      Transfer-Encoding: [chunked]
      x-ms-request-id: [3e8c3cc7-0001-0013-6934-f3caeb000000]
      x-ms-version: ['2015-07-08']
    status: {code: 201, message: Created}
- request:
    body: hello world
    headers:
      Connection: [keep-alive]
      Content-Length: ['11']
      User-Agent: [Azure-Storage/0.33.1 (Python CPython 3.4.4rc1; Windows 10)]
      x-ms-blob-type: [BlockBlob]
      x-ms-client-request-id: [cf7348a4-5f27-11e6-bf62-0050b66b38e2]
      x-ms-date: ['Wed, 10 Aug 2016 18:25:27 GMT']
      x-ms-version: ['2015-07-08']
    method: PUT
    uri: https://storagename.blob.core.windows.net/utcontainer1d97194a/blob1
  response:
    body: {string: ''}
    headers:
      Content-MD5: [XrY7u+Ae7tCTyyK7j1rNww==]
      Date: ['Wed, 10 Aug 2016 18:25:24 GMT']
      ETag: ['"0x8D3C14BB2A42B9C"']
      Last-Modified: ['Wed, 10 Aug 2016 18:25:25 GMT']
      Server: [Windows-Azure-Blob/1.0 Microsoft-HTTPAPI/2.0]
      Transfer-Encoding: [chunked]
      x-ms-request-id: [3e8c3cd7-0001-0013-7734-f3caeb000000]
      x-ms-version: ['2015-07-08']
    status: {code: 201, message: Created}
- request:
    body: null
    headers:
      Connection: [keep-alive]
      Content-Length: ['0']
      If-Unmodified-Since: ['Wed, 10 Aug 2016 18:40:27 GMT']
      User-Agent: [Azure-Storage/0.33.1 (Python CPython 3.4.4rc1; Windows 10)]
      x-ms-client-request-id: [cf7a70a4-5f27-11e6-8126-0050b66b38e2]
      x-ms-date: ['Wed, 10 Aug 2016 18:25:27 GMT']
      x-ms-lease-action: [acquire]
      x-ms-lease-duration: ['-1']
      x-ms-proposed-lease-id: [00000000-1111-2222-3333-444444444444]
      x-ms-version: ['2015-07-08']
    method: PUT
    uri: https://storagename.blob.core.windows.net/utcontainer1d97194a/blob1?comp=lease
  response:
    body: {string: ''}
    headers:
      Date: ['Wed, 10 Aug 2016 18:25:24 GMT']
      ETag: ['"0x8D3C14BB2A42B9C"']
      Last-Modified: ['Wed, 10 Aug 2016 18:25:25 GMT']
      Server: [Windows-Azure-Blob/1.0 Microsoft-HTTPAPI/2.0]
      Transfer-Encoding: [chunked]
      x-ms-lease-id: [00000000-1111-2222-3333-444444444444]
      x-ms-request-id: [3e8c3ceb-0001-0013-0b34-f3caeb000000]
      x-ms-version: ['2015-07-08']
    status: {code: 201, message: Created}
- request:
    body: null
    headers:
      Connection: [keep-alive]
      Content-Length: ['0']
      User-Agent: [Azure-Storage/0.33.1 (Python CPython 3.4.4rc1; Windows 10)]
      x-ms-client-request-id: [cf8195b4-5f27-11e6-b962-0050b66b38e2]
      x-ms-date: ['Wed, 10 Aug 2016 18:25:27 GMT']
      x-ms-lease-action: [break]
      x-ms-version: ['2015-07-08']
    method: PUT
    uri: https://storagename.blob.core.windows.net/utcontainer1d97194a/blob1?comp=lease
  response:
    body: {string: ''}
    headers:
      Date: ['Wed, 10 Aug 2016 18:25:24 GMT']
      ETag: ['"0x8D3C14BB2A42B9C"']
      Last-Modified: ['Wed, 10 Aug 2016 18:25:25 GMT']
      Server: [Windows-Azure-Blob/1.0 Microsoft-HTTPAPI/2.0]
      Transfer-Encoding: [chunked]
      x-ms-lease-time: ['0']
      x-ms-request-id: [3e8c3cf7-0001-0013-1334-f3caeb000000]
      x-ms-version: ['2015-07-08']
    status: {code: 202, message: Accepted}
version: 1
