interactions:
- request:
    body: null
    headers:
      Connection: [keep-alive]
      Content-Length: ['0']
      User-Agent: [Azure-Storage/0.33.1 (Python CPython 3.4.4rc1; Windows 10)]
      x-ms-client-request-id: [80f3a878-5f28-11e6-bda8-0050b66b38e2]
      x-ms-date: ['Wed, 10 Aug 2016 18:30:24 GMT']
      x-ms-version: ['2015-07-08']
    method: PUT
    uri: https://storagename.queue.core.windows.net/listqueue0560410cb
  response:
    body: {string: ''}
    headers:
      Date: ['Wed, 10 Aug 2016 18:30:23 GMT']
      Server: [Windows-Azure-Queue/1.0 Microsoft-HTTPAPI/2.0]
      Transfer-Encoding: [chunked]
      x-ms-request-id: [fe76c58a-0003-006e-2935-f35623000000]
      x-ms-version: ['2015-07-08']
    status: {code: 201, message: Created}
- request:
    body: null
    headers:
      Connection: [keep-alive]
      Content-Length: ['0']
      User-Agent: [Azure-Storage/0.33.1 (Python CPython 3.4.4rc1; Windows 10)]
      x-ms-client-request-id: [814a5040-5f28-11e6-8d95-0050b66b38e2]
      x-ms-date: ['Wed, 10 Aug 2016 18:30:25 GMT']
      x-ms-version: ['2015-07-08']
    method: PUT
    uri: https://storagename.queue.core.windows.net/listqueue1560410cb
  response:
    body: {string: ''}
    headers:
      Date: ['Wed, 10 Aug 2016 18:30:23 GMT']
      Server: [Windows-Azure-Queue/1.0 Microsoft-HTTPAPI/2.0]
      Transfer-Encoding: [chunked]
      x-ms-request-id: [fe76c593-0003-006e-3035-f35623000000]
      x-ms-version: ['2015-07-08']
    status: {code: 201, message: Created}
- request:
    body: null
    headers:
      Connection: [keep-alive]
      Content-Length: ['0']
      User-Agent: [Azure-Storage/0.33.1 (Python CPython 3.4.4rc1; Windows 10)]
      x-ms-client-request-id: [814fcf86-5f28-11e6-a8fb-0050b66b38e2]
      x-ms-date: ['Wed, 10 Aug 2016 18:30:25 GMT']
      x-ms-version: ['2015-07-08']
    method: PUT
    uri: https://storagename.queue.core.windows.net/listqueue2560410cb
  response:
    body: {string: ''}
    headers:
      Date: ['Wed, 10 Aug 2016 18:30:23 GMT']
      Server: [Windows-Azure-Queue/1.0 Microsoft-HTTPAPI/2.0]
      Transfer-Encoding: [chunked]
      x-ms-request-id: [fe76c59f-0003-006e-3b35-f35623000000]
      x-ms-version: ['2015-07-08']
    status: {code: 201, message: Created}
- request:
    body: null
    headers:
      Connection: [keep-alive]
      Content-Length: ['0']
      User-Agent: [Azure-Storage/0.33.1 (Python CPython 3.4.4rc1; Windows 10)]
      x-ms-client-request-id: [8155feae-5f28-11e6-88b6-0050b66b38e2]
      x-ms-date: ['Wed, 10 Aug 2016 18:30:25 GMT']
      x-ms-version: ['2015-07-08']
    method: PUT
    uri: https://storagename.queue.core.windows.net/listqueue3560410cb
  response:
    body: {string: ''}
    headers:
      Date: ['Wed, 10 Aug 2016 18:30:23 GMT']
      Server: [Windows-Azure-Queue/1.0 Microsoft-HTTPAPI/2.0]
      Transfer-Encoding: [chunked]
      x-ms-request-id: [fe76c5ab-0003-006e-4635-f35623000000]
      x-ms-version: ['2015-07-08']
    status: {code: 201, message: Created}
- request:
    body: null
    headers:
      Connection: [keep-alive]
      User-Agent: [Azure-Storage/0.33.1 (Python CPython 3.4.4rc1; Windows 10)]
      x-ms-client-request-id: [815c1a48-5f28-11e6-ab77-0050b66b38e2]
      x-ms-date: ['Wed, 10 Aug 2016 18:30:25 GMT']
      x-ms-version: ['2015-07-08']
    method: GET
    uri: https://storagename.queue.core.windows.net/?comp=list&prefix=listqueue&maxresults=3
  response:
    body: {string: "\uFEFF<?xml version=\"1.0\" encoding=\"utf-8\"?><EnumerationResults\
        \ ServiceEndpoint=\"https://storagename.queue.core.windows.net/\"><Prefix>listqueue</Prefix><MaxResults>3</MaxResults><Queues><Queue><Name>listqueue0560410cb</Name></Queue><Queue><Name>listqueue1560410cb</Name></Queue><Queue><Name>listqueue2560410cb</Name></Queue></Queues><NextMarker>/storagename/listqueue3560410cb</NextMarker></EnumerationResults>"}
    headers:
      Cache-Control: [no-cache]
      Content-Type: [application/xml]
      Date: ['Wed, 10 Aug 2016 18:30:23 GMT']
      Server: [Windows-Azure-Queue/1.0 Microsoft-HTTPAPI/2.0]
      Transfer-Encoding: [chunked]
      x-ms-request-id: [fe76c5b7-0003-006e-5135-f35623000000]
      x-ms-version: ['2015-07-08']
    status: {code: 200, message: OK}
- request:
    body: null
    headers:
      Connection: [keep-alive]
      User-Agent: [Azure-Storage/0.33.1 (Python CPython 3.4.4rc1; Windows 10)]
      x-ms-client-request-id: [8161d438-5f28-11e6-91ed-0050b66b38e2]
      x-ms-date: ['Wed, 10 Aug 2016 18:30:25 GMT']
      x-ms-version: ['2015-07-08']
    method: GET
    uri: https://storagename.queue.core.windows.net/?comp=list&marker=%2Fstoragename%2Flistqueue3560410cb&prefix=queue&include=metadata
  response:
    body: {string: "\uFEFF<?xml version=\"1.0\" encoding=\"utf-8\"?><EnumerationResults\
        \ ServiceEndpoint=\"https://storagename.queue.core.windows.net/\"><Prefix>queue</Prefix><Marker>/storagename/listqueue3560410cb</Marker><Queues><Queue><Name>queue00983c69ee4340afbd60f9d2963789d4</Name><Metadata\
        \ /></Queue><Queue><Name>queue1</Name><Metadata><val1>foo</val1><val2>blah</val2></Metadata></Queue><Queue><Name>queue185196c4d1b8400584bf79085077ef91</Name><Metadata\
        \ /></Queue><Queue><Name>queue1af96808241d42949f9e8a9b920e7497</Name><Metadata\
        \ /></Queue><Queue><Name>queue20f1149cabfe48f6a464b828626e5222</Name><Metadata\
        \ /></Queue><Queue><Name>queue251b813592c144d51979aab449fe51bfc</Name><Metadata\
        \ /></Queue><Queue><Name>queue263c9efd1e0e451492fb747cc620b0a4</Name><Metadata\
        \ /></Queue><Queue><Name>queue265e5d3d979846b1b97df1c2fc930ced</Name><Metadata\
        \ /></Queue><Queue><Name>queue3ba0dbe492e7434b923978058370d057</Name><Metadata\
        \ /></Queue><Queue><Name>queue45b620bf8bef460aadf955ba42d71e18</Name><Metadata\
        \ /></Queue><Queue><Name>queue4e16751f9c2d4938a4d87d32fe837227</Name><Metadata\
        \ /></Queue><Queue><Name>queue54b7b1995fcd4509bd0230eb7242abfc</Name><Metadata\
        \ /></Queue><Queue><Name>queue5ae250c9006443aa9dec12033b2d2b70</Name><Metadata\
        \ /></Queue><Queue><Name>queue5d6d15d1fc2b49909df3a33f57248b9b</Name><Metadata\
        \ /></Queue><Queue><Name>queue6101dc276ee84833a2274bb4a9b3ba66</Name><Metadata\
        \ /></Queue><Queue><Name>queue9033ede37ecc4dea91137b1a3548c4da</Name><Metadata\
        \ /></Queue><Queue><Name>queue92ccdcdefaf546d791c8f68f27af18d8</Name><Metadata\
        \ /></Queue><Queue><Name>queuec3c0138b05ec427fa28009c2340be782</Name><Metadata\
        \ /></Queue><Queue><Name>queuecfa20e31e10b4239b2b100829924cfbb</Name><Metadata\
        \ /></Queue><Queue><Name>queuecfc520a8e3314e63ad561afc2fce0efe</Name><Metadata\
        \ /></Queue><Queue><Name>queuedbdb25ffc6144c348f5c1ea656e3caf1</Name><Metadata\
        \ /></Queue><Queue><Name>queuee38b456c603448c8b203b23bacb08f52</Name><Metadata\
        \ /></Queue><Queue><Name>queuee76af635c08c48b5a38e4b32cbd52713</Name><Metadata\
        \ /></Queue><Queue><Name>queueef7cedf66ecd4ef2b96971cbd5348965</Name><Metadata\
        \ /></Queue><Queue><Name>queuef72853700d4546838577b421a3a2c524</Name><Metadata\
        \ /></Queue><Queue><Name>queuef7734438a2e34d01a6ef0c8a26eae853</Name><Metadata\
        \ /></Queue><Queue><Name>queuef87a16542eba41eb824b2f4793db502f</Name><Metadata\
        \ /></Queue><Queue><Name>queuefe8086af88dc4283b19a75cfe407d6fa</Name><Metadata\
        \ /></Queue><Queue><Name>queueoaieyt3q4u</Name><Metadata /></Queue></Queues><NextMarker\
        \ /></EnumerationResults>"}
    headers:
      Cache-Control: [no-cache]
      Content-Type: [application/xml]
      Date: ['Wed, 10 Aug 2016 18:30:23 GMT']
      Server: [Windows-Azure-Queue/1.0 Microsoft-HTTPAPI/2.0]
      Transfer-Encoding: [chunked]
      x-ms-request-id: [fe76c5c3-0003-006e-5d35-f35623000000]
      x-ms-version: ['2015-07-08']
    status: {code: 200, message: OK}
version: 1
